Microchip MPLAB XC8 Compiler V3.10

Linker command line:

-W-3 \
  --edf=C:\Program Files\Microchip\xc8\v3.10\pic\dat\20250813170317_en.msgs \
  -cn -h+dist/default/production\practica3.X.production.sym \
  --cmf=dist/default/production\practica3.X.production.cmf -z -Q18F4550 \
  -oC:\Users\JOHAN\AppData\Local\Temp\xcAsou8.0\driver_tmp_3.o \
  --defsym=__MPLAB_BUILD=1 --fixupoverflow=error \
  -Mdist/default/production/practica3.X.production.map \
  --md=C:\Users\JOHAN\AppData\Local\Temp\xcAsou8.0\driver_tmp_0.dat -E1 \
  -ver=XC8 Compiler -ACODE=00h-07FFFh -ACONST=00h-07FFFh \
  -ASMALLCONST=0800h-08FFhx120 -AMEDIUMCONST=0800h-07FFFh -ACOMRAM=01h-05Fh \
  -AABS1=00h-07FFh -ABIGRAM=01h-07FFh -ARAM=060h-0FFh,0100h-01FFhx7 \
  -ABANK0=060h-0FFh -ABANK1=0100h-01FFh -ABANK2=0200h-02FFh \
  -ABANK3=0300h-03FFh -ABANK4=0400h-04FFh -ABANK5=0500h-05FFh \
  -ABANK6=0600h-06FFh -ABANK7=0700h-07FFh -ASFR=0F60h-0FFFh \
  -ABIGSFR=0F60h-0FFFh -ACONFIG=0300000h-030000Dh -AIDLOC=0200000h-0200007h \
  -AEEDATA=0F00000h-0F000FFh -peeprom_data=EEDATA \
  -preset_vec=00h,intcode=8h,intcodelo=18h,sivt_lo,sivt_hi=CODE \
  -ppowerup=CODE,init -pramtop=0800h -psmallconst=SMALLCONST \
  -pmediumconst=MEDIUMCONST -pconst=CONST -AFARRAM=00h-00h \
  -prdata=COMRAM,nvrram=COMRAM,nvbit=COMRAM,rbss=COMRAM,rbit=COMRAM \
  -pfarbss=FARRAM,fardata=FARRAM,nvFARRAM=FARRAM \
  -pintsave_regs=BIGRAM,bigbss=BIGRAM,bigdata=BIGRAM -pbss=RAM \
  -pidata=CODE,irdata=CODE,ibigdata=CODE,ifardata=CODE -prparam=COMRAM \
  C:\Users\JOHAN\AppData\Local\Temp\xcAsou8.0\driver_tmp_9.o \
  dist/default/production\practica3.X.production.o 

Object code version is 3.11

Machine type is 18F4550



                Name                               Link     Load   Length Selector   Space Scale
C:\Users\JOHAN\AppData\Local\Temp\xcAsou8.0\driver_tmp_9.o
                config                           300000   300000        E        0       4
                init                               7FFC     7FFC        4     3FFE       0
                reset_vec                             0        0        4        0       0
dist/default/production\practica3.X.production.o
                config                           300000   300000        E        0       4
                mediumconst                        7BD8     7BD8      424     3DEC       0
                text35                             6C6A     6C6A       56     3635       0
                text34                             6B04     6B04       26     3582       0
                text33                             6B88     6B88       4A     35C4       0
                text32                             6A34     6A34       16     351A       0
                text31                             6A4A     6A4A       16     3525       0
                text30                             6A60     6A60       16     3530       0
                text29                             6B2A     6B2A       2E     3595       0
                text28                             6F7C     6F7C       7A     37BE       0
                text27                             6E9E     6E9E       6A     374F       0
                text26                             6E36     6E36       68     371B       0
                text25                             7692     7692      140     3B49       0
                text24                             77D2     77D2      1BA     3BE9       0
                text23                             6A76     6A76       16     353B       0
                text22                             6D1C     6D1C       5E     368E       0
                text21                             6A8C     6A8C       1A     3546       0
                text20                             711C     711C       A4     388E       0
                text19                             6FF6     6FF6       88     37FB       0
                text18                             7286     7286       EA     3943       0
                text17                             707E     707E       9E     383F       0
                text16                             7582     7582      110     3AC1       0
                text15                             6A18     6A18        A     350C       0
                text14                             6AA6     6AA6       1E     3553       0
                text13                             6BD2     6BD2       4C     35E9       0
                text12                             6A22     6A22       12     3511       0
                text11                             6A12     6A12        6     3509       0
                text10                             6C1E     6C1E       4C     360F       0
                text9                              7474     7474      10E     3A3A       0
                text8                              6D7A     6D7A       5E     36BD       0
                text7                              7370     7370      104     39B8       0
                text6                              6F08     6F08       74     3784       0
                text5                              6DD8     6DD8       5E     36EC       0
                text4                              6CC0     6CC0       5C     3660       0
                text3                              71C0     71C0       C6     38E0       0
                text2                              6AC4     6AC4       1E     3562       0
                text1                              6B58     6B58       30     35AC       0
                text0                              798C     798C      24C     3CC6       0
                cstackCOMRAM                          1        1       49        1       1
                bssBANK0                             60       60       10       60       1
                bssCOMRAM                            4A       4A       15        1       1
                cinit                              6AE2     6AE2       22     3571       0

TOTAL           Name                               Link     Load   Length     Space
        CLASS   CODE           
                init                               7FFC     7FFC        4         0
                reset_vec                             0        0        4         0
                text35                             6C6A     6C6A       56         0
                text34                             6B04     6B04       26         0
                text33                             6B88     6B88       4A         0
                text32                             6A34     6A34       16         0
                text31                             6A4A     6A4A       16         0
                text30                             6A60     6A60       16         0
                text29                             6B2A     6B2A       2E         0
                text28                             6F7C     6F7C       7A         0
                text27                             6E9E     6E9E       6A         0
                text26                             6E36     6E36       68         0
                text25                             7692     7692      140         0
                text24                             77D2     77D2      1BA         0
                text23                             6A76     6A76       16         0
                text22                             6D1C     6D1C       5E         0
                text21                             6A8C     6A8C       1A         0
                text20                             711C     711C       A4         0
                text19                             6FF6     6FF6       88         0
                text18                             7286     7286       EA         0
                text17                             707E     707E       9E         0
                text16                             7582     7582      110         0
                text15                             6A18     6A18        A         0
                text14                             6AA6     6AA6       1E         0
                text13                             6BD2     6BD2       4C         0
                text12                             6A22     6A22       12         0
                text11                             6A12     6A12        6         0
                text10                             6C1E     6C1E       4C         0
                text9                              7474     7474      10E         0
                text8                              6D7A     6D7A       5E         0
                text7                              7370     7370      104         0
                text6                              6F08     6F08       74         0
                text5                              6DD8     6DD8       5E         0
                text4                              6CC0     6CC0       5C         0
                text3                              71C0     71C0       C6         0
                text2                              6AC4     6AC4       1E         0
                text1                              6B58     6B58       30         0
                text0                              798C     798C      24C         0
                cinit                              6AE2     6AE2       22         0

        CLASS   CONST          

        CLASS   SMALLCONST     

        CLASS   MEDIUMCONST    
                mediumconst                        7BD8     7BD8      424         0

        CLASS   COMRAM         
                cstackCOMRAM                          1        1       49         1
                bssCOMRAM                            4A       4A       15         1

        CLASS   ABS1           

        CLASS   BIGRAM         

        CLASS   RAM            

        CLASS   BANK0          
                bssBANK0                             60       60       10         1

        CLASS   BANK1          

        CLASS   BANK2          

        CLASS   BANK3          

        CLASS   BANK4          

        CLASS   BANK5          

        CLASS   BANK6          

        CLASS   BANK7          

        CLASS   SFR            

        CLASS   BIGSFR         

        CLASS   CONFIG         
                config                           300000   300000        E         4

        CLASS   IDLOC          

        CLASS   EEDATA         

        CLASS   FARRAM         

        CLASS   HEAP           

        CLASS   STACK          



SEGMENTS        Name                           Load    Length   Top    Selector   Space  Class

                reset_vec                      000000  000004  000004         0       0  CODE    
                cstackCOMRAM                   000001  00005E  00005F         1       1  COMRAM  
                bssBANK0                       000060  000010  000070        60       1  BANK0   
                text11                         006A12  000006  006A18      3509       0  CODE    
                text15                         006A18  00000A  006A22      350C       0  CODE    
                text12                         006A22  000012  006A34      3511       0  CODE    
                text32                         006A34  000016  006A4A      351A       0  CODE    
                text31                         006A4A  000016  006A60      3525       0  CODE    
                text30                         006A60  000016  006A76      3530       0  CODE    
                text23                         006A76  000016  006A8C      353B       0  CODE    
                text21                         006A8C  00001A  006AA6      3546       0  CODE    
                text14                         006AA6  00001E  006AC4      3553       0  CODE    
                text2                          006AC4  00001E  006AE2      3562       0  CODE    
                cinit                          006AE2  000022  006B04      3571       0  CODE    
                text34                         006B04  000026  006B2A      3582       0  CODE    
                text29                         006B2A  00002E  006B58      3595       0  CODE    
                text1                          006B58  000030  006B88      35AC       0  CODE    
                text33                         006B88  00004A  006BD2      35C4       0  CODE    
                text13                         006BD2  00004C  006C1E      35E9       0  CODE    
                text10                         006C1E  00004C  006C6A      360F       0  CODE    
                text35                         006C6A  000056  006CC0      3635       0  CODE    
                text4                          006CC0  00005C  006D1C      3660       0  CODE    
                text22                         006D1C  00005E  006D7A      368E       0  CODE    
                text8                          006D7A  00005E  006DD8      36BD       0  CODE    
                text5                          006DD8  00005E  006E36      36EC       0  CODE    
                text26                         006E36  000068  006E9E      371B       0  CODE    
                text27                         006E9E  00006A  006F08      374F       0  CODE    
                text6                          006F08  000074  006F7C      3784       0  CODE    
                text28                         006F7C  00007A  006FF6      37BE       0  CODE    
                text19                         006FF6  000088  00707E      37FB       0  CODE    
                text17                         00707E  00009E  00711C      383F       0  CODE    
                text20                         00711C  0000A4  0071C0      388E       0  CODE    
                text3                          0071C0  0000C6  007286      38E0       0  CODE    
                text18                         007286  0000EA  007370      3943       0  CODE    
                text7                          007370  000104  007474      39B8       0  CODE    
                text9                          007474  00010E  007582      3A3A       0  CODE    
                text16                         007582  000110  007692      3AC1       0  CODE    
                text25                         007692  000140  0077D2      3B49       0  CODE    
                text24                         0077D2  0001BA  00798C      3BE9       0  CODE    
                text0                          00798C  00024C  007BD8      3CC6       0  CODE    
                mediumconst                    007BD8  000424  007FFC      3DEC       0  MEDIUMCO
                init                           007FFC  000004  008000      3FFE       0  CODE    


UNUSED ADDRESS RANGES

        Name                Unused          Largest block    Delta
        BANK0            000070-0000FF               90
        BANK1            000100-0001FF              100
        BANK2            000200-0002FF              100
        BANK3            000300-0003FF              100
        BANK4            000400-0004FF              100
        BANK5            000500-0005FF              100
        BANK6            000600-0006FF              100
        BANK7            000700-0007FF              100
        BIGRAM           00005F-00005F                1
                         000070-0007FF              790
        BIGSFR           000F60-000FFF               A0
        CODE             000004-006A11             6A0E
        COMRAM           00005F-00005F                1
        CONST            000004-006A11             6A0E
        EEDATA           F00000-F000FF              100
        IDLOC            200000-200007                8
        MEDIUMCONST      000800-006A11             6212
        RAM              000070-0007FF              100
        SFR              000F60-000FFF               A0
        SMALLCONST       000800-006A11              100

                                  Symbol Table

?___lldiv                             cstackCOMRAM 000001
?___llmod                             cstackCOMRAM 000001
Buzzer_Update@blink_counter           bssCOMRAM    000052
Buzzer_Update@led_state               bssCOMRAM    000056
Buzzer_Update@previous_alarm_active   bssCOMRAM    000057
Freeze_Switch_Update@debounce_counter bssCOMRAM    000058
Freeze_Switch_Update@last_raw_state   bssCOMRAM    000059
Freeze_Switch_Update@stable_state     bssCOMRAM    00005A
I2C_Master_Init@clock_hz              cstackCOMRAM 00000E
I2C_Master_Read@ack                   cstackCOMRAM 000002
I2C_Master_Read@data                  cstackCOMRAM 000003
I2C_Master_Write@data                 cstackCOMRAM 000002
Is_Finger_Detected@finger_state       bssCOMRAM    00005E
Is_Finger_Detected@ir_value           cstackCOMRAM 000001
MAX30102_Test_CheckID@ok_part         cstackCOMRAM 00000A
MAX30102_Test_CheckID@ok_rev          cstackCOMRAM 00000B
MAX30102_Test_CheckID@part_id         cstackCOMRAM 000008
MAX30102_Test_CheckID@rev_id          cstackCOMRAM 000007
MAX30102_Test_Config@dummy            cstackCOMRAM 000009
MAX30102_Test_ReadFIFO@data           cstackCOMRAM 000016
MAX30102_Test_ReadFIFO@i              cstackCOMRAM 00001D
MAX30102_Test_ReadFIFO@ir_value       cstackCOMRAM 000005
MAX30102_Test_ReadFIFO@nack           cstackCOMRAM 00001C
MAX30102_Test_ReadFIFO@red_value      cstackCOMRAM 000004
MAX30102_Test_ReadRegister@nack       cstackCOMRAM 000006
MAX30102_Test_ReadRegister@reg        cstackCOMRAM 000005
MAX30102_Test_ReadRegister@value      cstackCOMRAM 000004
MAX30102_Test_WriteRegister@nack      cstackCOMRAM 000005
MAX30102_Test_WriteRegister@reg       cstackCOMRAM 000004
MAX30102_Test_WriteRegister@value     cstackCOMRAM 000003
SSD1306_ClearDisplay@column           cstackCOMRAM 000006
SSD1306_ClearDisplay@page             cstackCOMRAM 000007
SSD1306_Command@command               cstackCOMRAM 000003
SSD1306_Data@data                     cstackCOMRAM 000003
SSD1306_SetCursor@column              cstackCOMRAM 000005
SSD1306_SetCursor@page                cstackCOMRAM 000004
SSD1306_WriteChar@c                   cstackCOMRAM 00000C
SSD1306_WriteChar@character           cstackCOMRAM 00000E
SSD1306_WriteChar@i                   cstackCOMRAM 00000D
SSD1306_WriteChar@index               cstackCOMRAM 00000A
SSD1306_WriteString@str               cstackCOMRAM 00000F
Send_Test_By_UART@finger_detected     cstackCOMRAM 00002A
Send_Test_By_UART@ir_value            cstackCOMRAM 000026
Send_Test_By_UART@part_id             cstackCOMRAM 000020
Send_Test_By_UART@red_value           cstackCOMRAM 000022
Send_Test_By_UART@rev_id              cstackCOMRAM 000021
Send_Test_By_UART@sensor_ok           cstackCOMRAM 000037
Send_Test_By_UART@text                cstackCOMRAM 00002B
Show_Data_On_OLED@finger_detected     cstackCOMRAM 00002A
Show_Data_On_OLED@ir_value            cstackCOMRAM 000026
Show_Data_On_OLED@part_id             cstackCOMRAM 000020
Show_Data_On_OLED@red_value           cstackCOMRAM 000022
Show_Data_On_OLED@rev_id              cstackCOMRAM 000021
Show_Data_On_OLED@sensor_ok           cstackCOMRAM 000037
Show_Data_On_OLED@text                cstackCOMRAM 00002B
Show_Error_On_OLED@part_id            cstackCOMRAM 000019
Show_Error_On_OLED@text               cstackCOMRAM 000011
UART_WriteChar@data                   cstackCOMRAM 000001
UART_WriteLine@text                   cstackCOMRAM 000004
UART_WriteString@text                 cstackCOMRAM 000002
UInt32_ToString@buffer                cstackCOMRAM 000012
UInt32_ToString@i                     cstackCOMRAM 00001F
UInt32_ToString@j                     cstackCOMRAM 00001E
UInt32_ToString@temp                  cstackCOMRAM 000013
UInt32_ToString@value                 cstackCOMRAM 00000E
UInt8_ToHexString@buffer              cstackCOMRAM 000001
UInt8_ToHexString@high_nibble         cstackCOMRAM 000003
UInt8_ToHexString@low_nibble          cstackCOMRAM 000004
UInt8_ToHexString@value               cstackCOMRAM 000002
_ADCON1                               (abs)        000FC1
_BAUDCON                              (abs)        000FB8
_BAUDCONbits                          (abs)        000FB8
_CMCON                                (abs)        000FB4
_CVRCON                               (abs)        000FB5
_Font5x7                              mediumconst  007BD9
_I2C_Master_Init                      text4        006CC0
_I2C_Master_Read                      text33       006B88
_I2C_Master_RepeatedStart             text32       006A34
_I2C_Master_Start                     text31       006A4A
_I2C_Master_Stop                      text30       006A60
_I2C_Master_Wait                      text34       006B04
_I2C_Master_Write                     text29       006B2A
_INTCON2bits                          (abs)        000FF1
_Is_Finger_Detected                   text35       006C6A
_LATAbits                             (abs)        000F89
_LATDbits                             (abs)        000F8C
_MAX30102_Test_CheckID                text27       006E9E
_MAX30102_Test_Config                 text25       007692
_MAX30102_Test_ReadFIFO               text24       0077D2
_MAX30102_Test_ReadRegister           text28       006F7C
_MAX30102_Test_WriteRegister          text26       006E36
_OSCCON                               (abs)        000FD3
_PIR1bits                             (abs)        000F9E
_PORTAbits                            (abs)        000F80
_PORTBbits                            (abs)        000F81
_RCSTA                                (abs)        000FAB
_RCSTAbits                            (abs)        000FAB
_SPBRG                                (abs)        000FAF
_SPBRGH                               (abs)        000FB0
_SSD1306_ClearDisplay                 text10       006C1E
_SSD1306_Command                      text14       006AA6
_SSD1306_Data                         text15       006A18
_SSD1306_Init                         text3        0071C0
_SSD1306_SetCursor                    text13       006BD2
_SSD1306_StartData                    text12       006A22
_SSD1306_StopData                     text11       006A12
_SSD1306_WriteChar                    text9        007474
_SSD1306_WriteString                  text8        006D7A
_SSPADD                               (abs)        000FC8
_SSPBUF                               (abs)        000FC9
_SSPCON1                              (abs)        000FC6
_SSPCON2                              (abs)        000FC5
_SSPCON2bits                          (abs)        000FC5
_SSPSTAT                              (abs)        000FC7
_SSPSTATbits                          (abs)        000FC7
_Send_Test_By_UART                    text16       007582
_Show_Data_On_OLED                    text7        007370
_Show_Error_On_OLED                   text6        006F08
_Show_Start_On_OLED                   text5        006DD8
_System_Init                          text1        006B58
_TRISAbits                            (abs)        000F92
_TRISBbits                            (abs)        000F93
_TRISCbits                            (abs)        000F94
_TRISDbits                            (abs)        000F95
_TXREG                                (abs)        000FAD
_TXSTA                                (abs)        000FAC
_TXSTAbits                            (abs)        000FAC
_UART_Init                            text2        006AC4
_UART_WriteChar                       text23       006A76
_UART_WriteLine                       text21       006A8C
_UART_WriteString                     text22       006D1C
_UInt32_ToString                      text18       007286
_UInt8_ToHexString                    text17       00707E
__HRAM                                (abs)        000000
__H__absolute__                       __absolute__ 000000
__Habs1                               abs1         000000
__Hbank0                              bank0        000000
__Hbank1                              bank1        000000
__Hbank2                              bank2        000000
__Hbank3                              bank3        000000
__Hbank4                              bank4        000000
__Hbank5                              bank5        000000
__Hbank6                              bank6        000000
__Hbank7                              bank7        000000
__Hbigbss                             bigbss       000000
__Hbigdata                            bigdata      000000
__Hbigram                             bigram       000000
__Hbigsfr                             bigsfr       000000
__Hbss                                bss          000000
__HbssBANK0                           bssBANK0     000000
__HbssCOMRAM                          bssCOMRAM    000000
__Hcinit                              cinit        000000
__Hclrtext                            clrtext      000000
__Hcomram                             comram       000000
__Hconfig                             config       30000E
__Hconst                              const        000000
__HcstackCOMRAM                       cstackCOMRAM 000000
__Hdata                               data         000000
__Heeprom_data                        eeprom_data  000000
__Hfarbss                             farbss       000000
__Hfardata                            fardata      000000
__Hheap                               heap         000000
__Hibigdata                           ibigdata     000000
__Hidata                              idata        000000
__Hidloc                              idloc        000000
__Hifardata                           ifardata     000000
__Hinit                               init         008000
__Hintcode                            intcode      000008
__Hintcode_body                       intcode_body 000000
__Hintcodelo                          intcodelo    000018
__Hintentry                           intentry     000000
__Hintret                             intret       000000
__Hintsave_regs                       intsave_regs 000000
__Hirdata                             irdata       000000
__Hmediumconst                        mediumconst  007FFC
__HnvFARRAM                           nvFARRAM     000000
__Hnvbit                              nvbit        000000
__Hnvrram                             nvrram       000000
__Hparam                              rparam       000000
__Hpowerup                            powerup      000000
__Hram                                ram          000000
__Hramtop                             ramtop       000800
__Hrbit                               rbit         000000
__Hrbss                               rbss         000000
__Hrdata                              rdata        000000
__Hreset_vec                          reset_vec    000004
__Hrparam                             rparam       000000
__Hsfr                                sfr          000000
__Hsivt_hi                            sivt_hi      000000
__Hsivt_lo                            sivt_lo      000018
__Hsmallconst                         smallconst   000000
__Hspace_0                            (abs)        008000
__Hspace_1                            (abs)        000070
__Hspace_2                            (abs)        000000
__Hspace_4                            (abs)        60000E
__Hstack                              stack        000000
__Hstruct                             struct       000000
__Htemp                               temp         000000
__Htext                               text         000000
__Htext0                              text0        000000
__Htext1                              text1        000000
__Htext10                             text10       000000
__Htext11                             text11       000000
__Htext12                             text12       000000
__Htext13                             text13       000000
__Htext14                             text14       000000
__Htext15                             text15       000000
__Htext16                             text16       000000
__Htext17                             text17       000000
__Htext18                             text18       000000
__Htext19                             text19       000000
__Htext2                              text2        000000
__Htext20                             text20       000000
__Htext21                             text21       000000
__Htext22                             text22       000000
__Htext23                             text23       000000
__Htext24                             text24       000000
__Htext25                             text25       000000
__Htext26                             text26       000000
__Htext27                             text27       000000
__Htext28                             text28       000000
__Htext29                             text29       000000
__Htext3                              text3        000000
__Htext30                             text30       000000
__Htext31                             text31       000000
__Htext32                             text32       000000
__Htext33                             text33       000000
__Htext34                             text34       000000
__Htext35                             text35       000000
__Htext4                              text4        000000
__Htext5                              text5        000000
__Htext6                              text6        000000
__Htext7                              text7        000000
__Htext8                              text8        000000
__Htext9                              text9        000000
__LRAM                                (abs)        000001
__L__absolute__                       __absolute__ 000000
__Labs1                               abs1         000000
__Lbank0                              bank0        000000
__Lbank1                              bank1        000000
__Lbank2                              bank2        000000
__Lbank3                              bank3        000000
__Lbank4                              bank4        000000
__Lbank5                              bank5        000000
__Lbank6                              bank6        000000
__Lbank7                              bank7        000000
__Lbigbss                             bigbss       000000
__Lbigdata                            bigdata      000000
__Lbigram                             bigram       000000
__Lbigsfr                             bigsfr       000000
__Lbss                                bss          000000
__LbssBANK0                           bssBANK0     000000
__LbssCOMRAM                          bssCOMRAM    000000
__Lcinit                              cinit        000000
__Lclrtext                            clrtext      000000
__Lcomram                             comram       000000
__Lconfig                             config       000000
__Lconst                              const        000000
__LcstackCOMRAM                       cstackCOMRAM 000000
__Ldata                               data         000000
__Leeprom_data                        eeprom_data  000000
__Lfarbss                             farbss       000000
__Lfardata                            fardata      000000
__Lheap                               heap         000000
__Libigdata                           ibigdata     000000
__Lidata                              idata        000000
__Lidloc                              idloc        000000
__Lifardata                           ifardata     000000
__Linit                               init         007FFC
__Lintcode                            intcode      000008
__Lintcode_body                       intcode_body 000000
__Lintcodelo                          intcodelo    000018
__Lintentry                           intentry     000000
__Lintret                             intret       000000
__Lintsave_regs                       intsave_regs 000000
__Lirdata                             irdata       000000
__Lmediumconst                        mediumconst  007BD8
__LnvFARRAM                           nvFARRAM     000000
__Lnvbit                              nvbit        000000
__Lnvrram                             nvrram       000000
__Lparam                              rparam       000000
__Lpowerup                            powerup      000000
__Lram                                ram          000000
__Lramtop                             ramtop       000800
__Lrbit                               rbit         000000
__Lrbss                               rbss         000000
__Lrdata                              rdata        000000
__Lreset_vec                          reset_vec    000000
__Lrparam                             rparam       000000
__Lsfr                                sfr          000000
__Lsivt_hi                            sivt_hi      000000
__Lsivt_lo                            sivt_lo      000018
__Lsmallconst                         smallconst   000000
__Lspace_0                            (abs)        000000
__Lspace_1                            (abs)        000000
__Lspace_2                            (abs)        000000
__Lspace_4                            (abs)        000000
__Lstack                              stack        000000
__Lstruct                             struct       000000
__Ltemp                               temp         000000
__Ltext                               text         000000
__Ltext0                              text0        000000
__Ltext1                              text1        000000
__Ltext10                             text10       000000
__Ltext11                             text11       000000
__Ltext12                             text12       000000
__Ltext13                             text13       000000
__Ltext14                             text14       000000
__Ltext15                             text15       000000
__Ltext16                             text16       000000
__Ltext17                             text17       000000
__Ltext18                             text18       000000
__Ltext19                             text19       000000
__Ltext2                              text2        000000
__Ltext20                             text20       000000
__Ltext21                             text21       000000
__Ltext22                             text22       000000
__Ltext23                             text23       000000
__Ltext24                             text24       000000
__Ltext25                             text25       000000
__Ltext26                             text26       000000
__Ltext27                             text27       000000
__Ltext28                             text28       000000
__Ltext29                             text29       000000
__Ltext3                              text3        000000
__Ltext30                             text30       000000
__Ltext31                             text31       000000
__Ltext32                             text32       000000
__Ltext33                             text33       000000
__Ltext34                             text34       000000
__Ltext35                             text35       000000
__Ltext4                              text4        000000
__Ltext5                              text5        000000
__Ltext6                              text6        000000
__Ltext7                              text7        000000
__Ltext8                              text8        000000
__Ltext9                              text9        000000
__S0                                  (abs)        008000
__S1                                  (abs)        000070
__S4                                  (abs)        000000
__S5                                  (abs)        000000
___heap_hi                            (abs)        000000
___heap_lo                            (abs)        000000
___inthi_sp                           stack        000000
___inthi_stack_hi                     stack        000000
___inthi_stack_lo                     stack        000000
___intlo_sp                           stack        000000
___intlo_stack_hi                     stack        000000
___intlo_stack_lo                     stack        000000
___lldiv                              text20       00711C
___lldiv@counter                      cstackCOMRAM 00000D
___lldiv@dividend                     cstackCOMRAM 000001
___lldiv@divisor                      cstackCOMRAM 000005
___lldiv@quotient                     cstackCOMRAM 000009
___llmod                              text19       006FF6
___llmod@counter                      cstackCOMRAM 000009
___llmod@dividend                     cstackCOMRAM 000001
___llmod@divisor                      cstackCOMRAM 000005
___param_bank                         (abs)        000000
___rparam_used                        (abs)        000001
___sp                                 stack        000000
___stack_hi                           stack        000000
___stack_lo                           stack        000000
__accesstop                           (abs)        000060
__activetblptr                        (abs)        000002
__end_of_Font5x7                      mediumconst  007DB9
__end_of_I2C_Master_Init              text4        006D1C
__end_of_I2C_Master_Read              text33       006BD2
__end_of_I2C_Master_RepeatedStart     text32       006A4A
__end_of_I2C_Master_Start             text31       006A60
__end_of_I2C_Master_Stop              text30       006A76
__end_of_I2C_Master_Wait              text34       006B2A
__end_of_I2C_Master_Write             text29       006B58
__end_of_Is_Finger_Detected           text35       006CC0
__end_of_MAX30102_Test_CheckID        text27       006F08
__end_of_MAX30102_Test_Config         text25       0077D2
__end_of_MAX30102_Test_ReadFIFO       text24       00798C
__end_of_MAX30102_Test_ReadRegister   text28       006FF6
__end_of_MAX30102_Test_WriteRegister  text26       006E9E
__end_of_SSD1306_ClearDisplay         text10       006C6A
__end_of_SSD1306_Command              text14       006AC4
__end_of_SSD1306_Data                 text15       006A22
__end_of_SSD1306_Init                 text3        007286
__end_of_SSD1306_SetCursor            text13       006C1E
__end_of_SSD1306_StartData            text12       006A34
__end_of_SSD1306_StopData             text11       006A18
__end_of_SSD1306_WriteChar            text9        007582
__end_of_SSD1306_WriteString          text8        006DD8
__end_of_Send_Test_By_UART            text16       007692
__end_of_Show_Data_On_OLED            text7        007474
__end_of_Show_Error_On_OLED           text6        006F7C
__end_of_Show_Start_On_OLED           text5        006E36
__end_of_System_Init                  text1        006B88
__end_of_UART_Init                    text2        006AE2
__end_of_UART_WriteChar               text23       006A8C
__end_of_UART_WriteLine               text21       006AA6
__end_of_UART_WriteString             text22       006D7A
__end_of_UInt32_ToString              text18       007370
__end_of_UInt8_ToHexString            text17       00711C
__end_of___lldiv                      text20       0071C0
__end_of___llmod                      text19       00707E
__end_of__initialization              cinit        006AFA
__end_of_main                         text0        007BD8
__initialization                      cinit        006AE2
__mediumconst                         mediumconst  007BD8
__pbssBANK0                           bssBANK0     000060
__pbssCOMRAM                          bssCOMRAM    00004A
__pcinit                              cinit        006AE2
__pcstackCOMRAM                       cstackCOMRAM 000001
__pmediumconst                        mediumconst  007BD8
__ptext0                              text0        00798C
__ptext1                              text1        006B58
__ptext10                             text10       006C1E
__ptext11                             text11       006A12
__ptext12                             text12       006A22
__ptext13                             text13       006BD2
__ptext14                             text14       006AA6
__ptext15                             text15       006A18
__ptext16                             text16       007582
__ptext17                             text17       00707E
__ptext18                             text18       007286
__ptext19                             text19       006FF6
__ptext2                              text2        006AC4
__ptext20                             text20       00711C
__ptext21                             text21       006A8C
__ptext22                             text22       006D1C
__ptext23                             text23       006A76
__ptext24                             text24       0077D2
__ptext25                             text25       007692
__ptext26                             text26       006E36
__ptext27                             text27       006E9E
__ptext28                             text28       006F7C
__ptext29                             text29       006B2A
__ptext3                              text3        0071C0
__ptext30                             text30       006A60
__ptext31                             text31       006A4A
__ptext32                             text32       006A34
__ptext33                             text33       006B88
__ptext34                             text34       006B04
__ptext35                             text35       006C6A
__ptext4                              text4        006CC0
__ptext5                              text5        006DD8
__ptext6                              text6        006F08
__ptext7                              text7        007370
__ptext8                              text8        006D7A
__ptext9                              text9        007474
__ramtop                              ramtop       000800
__smallconst                          mediumconst  007BD8
_hr_abs_average                       bssBANK0     000064
_hr_ac_prev1                          bssCOMRAM    00004E
_hr_ac_prev2                          bssBANK0     000068
_hr_current_bpm                       bssCOMRAM    000054
_hr_dc_average                        bssBANK0     00006C
_hr_last_beat_sample                  bssCOMRAM    00004A
_hr_sample_counter                    bssBANK0     000060
_hr_valid_beats                       bssCOMRAM    00005B
_main                                 text0        00798C
_oled_column                          bssCOMRAM    00005D
_oled_page                            bssCOMRAM    00005C
end_of_initialization                 cinit        006AFA
intlevel0                             text         000000
intlevel1                             text         000000
intlevel2                             text         000000
intlevel3                             text         000000
isa$std                               (abs)        000001
isa$xinst                             (abs)        000000
main@display_counter                  cstackCOMRAM 000039
main@finger_detected                  cstackCOMRAM 00003D
main@ir_value                         cstackCOMRAM 000045
main@part_id                          cstackCOMRAM 000049
main@red_value                        cstackCOMRAM 00003F
main@rev_id                           cstackCOMRAM 000043
main@sensor_configured                cstackCOMRAM 000044
main@sensor_ok                        cstackCOMRAM 00003E
main@uart_counter                     cstackCOMRAM 00003B
stackhi                               (abs)        000000
stacklo                               (abs)        000000
start                                 init         007FFC
start_initialization                  cinit        006AE2


MODULE INFORMATION

Module		Function		Class		Link	Load	Size
uart.c
		_UART_WriteLine		CODE           	6A8C	0000	26
		_UART_WriteChar		CODE           	6A76	0000	22
		_UART_Init     		CODE           	6AC4	0000	30
		_UART_WriteString		CODE           	6D1C	0000	94

uart.c estimated size: 172

C:\Program Files\Microchip\xc8\v3.10\pic\sources\c99\common\llmod.c
		___llmod       		CODE           	6FF6	0000	136

C:\Program Files\Microchip\xc8\v3.10\pic\sources\c99\common\llmod.c estimated size: 136

ssd1306.c
		_SSD1306_Data  		CODE           	6A18	0000	10
		_SSD1306_Init  		CODE           	71C0	0000	198
		_SSD1306_StopData		CODE           	6A12	0000	6
		_SSD1306_WriteString		CODE           	6D7A	0000	94
		_SSD1306_StartData		CODE           	6A22	0000	18
		_SSD1306_ClearDisplay		CODE           	6C1E	0000	76
		_SSD1306_WriteChar		CODE           	7474	0000	270
		_SSD1306_SetCursor		CODE           	6BD2	0000	76
		_SSD1306_Command		CODE           	6AA6	0000	30

ssd1306.c estimated size: 778

i2c_master.c
		_I2C_Master_Read		CODE           	6B88	0000	74
		_I2C_Master_Wait		CODE           	6B04	0000	38
		_I2C_Master_Init		CODE           	6CC0	0000	92
		_I2C_Master_Stop		CODE           	6A60	0000	22
		_I2C_Master_RepeatedStart		CODE           	6A34	0000	22
		_I2C_Master_Write		CODE           	6B2A	0000	46
		_I2C_Master_Start		CODE           	6A4A	0000	22

i2c_master.c estimated size: 316

shared
		_Font5x7       		MEDIUMCONST    	7BD9	0000	480
		__initialization		CODE           	6AE2	0000	24

shared estimated size: 504

C:\Program Files\Microchip\xc8\v3.10\pic\sources\c99\common\__lldiv.c
		___lldiv       		CODE           	711C	0000	164

C:\Program Files\Microchip\xc8\v3.10\pic\sources\c99\common\__lldiv.c estimated size: 164

main.c
		_MAX30102_Test_ReadRegister		CODE           	6F7C	0000	122
		_UInt32_ToString		CODE           	7286	0000	234
		_Show_Data_On_OLED		CODE           	7370	0000	260
		_main          		CODE           	798C	0000	588
		_MAX30102_Test_ReadFIFO		CODE           	77D2	0000	442
		_MAX30102_Test_Config		CODE           	7692	0000	320
		_MAX30102_Test_CheckID		CODE           	6E9E	0000	106
		_Is_Finger_Detected		CODE           	6C6A	0000	86
		_UInt8_ToHexString		CODE           	707E	0000	158
		_System_Init   		CODE           	6B58	0000	48
		_Show_Error_On_OLED		CODE           	6F08	0000	116
		_MAX30102_Test_WriteRegister		CODE           	6E36	0000	104
		_Send_Test_By_UART		CODE           	7582	0000	272
		_Show_Start_On_OLED		CODE           	6DD8	0000	94

main.c estimated size: 2950

