Microchip MPLAB XC8 Compiler V3.10

Linker command line:

-W-3 \
  --edf=C:\Program Files\Microchip\xc8\v3.10\pic\dat\20250813170317_en.msgs \
  -cn -h+dist/default/production\practica3.X.production.sym \
  --cmf=dist/default/production\practica3.X.production.cmf -z -Q18F4550 \
  -oC:\Users\JOHAN\AppData\Local\Temp\xcAsauw.0\driver_tmp_3.o \
  --defsym=__MPLAB_BUILD=1 --fixupoverflow=error \
  -Mdist/default/production/practica3.X.production.map \
  --md=C:\Users\JOHAN\AppData\Local\Temp\xcAsauw.0\driver_tmp_0.dat -E1 \
  -ver=XC8 Compiler -ACODE=00h-07FFFh -ACONST=00h-07FFFh \
  -ASMALLCONST=0800h-08FFhx120 -AMEDIUMCONST=0800h-07FFFh -ACOMRAM=01h-05Fh \
  -AABS1=00h-07FFh -ABIGRAM=01h-07FFh -ARAM=060h-0FFh,0100h-01FFhx7 \
  -ABANK0=060h-0FFh -ABANK1=0100h-01FFh -ABANK2=0200h-02FFh \
  -ABANK3=0300h-03FFh -ABANK4=0400h-04FFh -ABANK5=0500h-05FFh \
  -ABANK6=0600h-06FFh -ABANK7=0700h-07FFh -ASFR=0F60h-0FFFh \
  -ABIGSFR=0F60h-0FFFh -ACONFIG=0300000h-030000Dh -AIDLOC=0200000h-0200007h \
  -AEEDATA=0F00000h-0F000FFh -peeprom_data=EEDATA \
  -preset_vec=00h,intcode=8h,intcodelo=18h,sivt_lo,sivt_hi=CODE \
  -ppowerup=CODE,init -pramtop=0800h -psmallconst=SMALLCONST \
  -pmediumconst=MEDIUMCONST -pconst=CONST -AFARRAM=00h-00h \
  -prdata=COMRAM,nvrram=COMRAM,nvbit=COMRAM,rbss=COMRAM,rbit=COMRAM \
  -pfarbss=FARRAM,fardata=FARRAM,nvFARRAM=FARRAM \
  -pintsave_regs=BIGRAM,bigbss=BIGRAM,bigdata=BIGRAM -pbss=RAM \
  -pidata=CODE,irdata=CODE,ibigdata=CODE,ifardata=CODE -prparam=COMRAM \
  C:\Users\JOHAN\AppData\Local\Temp\xcAsauw.0\driver_tmp_9.o \
  dist/default/production\practica3.X.production.o 

Object code version is 3.11

Machine type is 18F4550



                Name                               Link     Load   Length Selector   Space Scale
C:\Users\JOHAN\AppData\Local\Temp\xcAsauw.0\driver_tmp_9.o
                config                           300000   300000        E        0       4
                init                               7FFC     7FFC        4     3FFE       0
                reset_vec                             0        0        4        0       0
dist/default/production\practica3.X.production.o
                config                           300000   300000        E        0       4
                mediumconst                        7B24     7B24      4D8     3D92       0
                text70                             577C     577C        6     2BBE       0
                text69                             5760     5760        4     2BB0       0
                text68                             6660     6660       DC     3330       0
                text67                             5782     5782        6     2BC1       0
                text66                             57CE     57CE       14     2BE7       0
                text65                             5764     5764        4     2BB2       0
                text64                             5932     5932       26     2C99       0
                text63                             5AAC     5AAC       4A     2D56       0
                text62                             5A2A     5A2A       3E     2D15       0
                text61                             5A68     5A68       44     2D34       0
                text60                             590E     590E       24     2C87       0
                text59                             6826     6826      10A     3413       0
                text58                             5EA0     5EA0       6A     2F50       0
                text57                             6192     6192       9A     30C9       0
                text56                             59A4     59A4       2A     2CD2       0
                text55                             5C28     5C28       52     2E14       0
                text54                             5CCE     5CCE       56     2E67       0
                text53                             5C7A     5C7A       54     2E3D       0
                text52                             5768     5768        4     2BB4       0
                text51                             576C     576C        4     2BB6       0
                text50                             59FA     59FA       30     2CFD       0
                text49                             5770     5770        4     2BB8       0
                text48                             5774     5774        4     2BBA       0
                text47                             58CC     58CC       20     2C66       0
                text46                             5958     5958       26     2CAC       0
                text45                             5AF6     5AF6       4A     2D7B       0
                text44                             57E2     57E2       16     2BF1       0
                text43                             57F8     57F8       16     2BFC       0
                text42                             580E     580E       16     2C07       0
                text41                             5854     5854       1E     2C2A       0
                text40                             59CE     59CE       2C     2CE7       0
                text39                             5F0A     5F0A       6C     2F85       0
                text38                             5872     5872       1E     2C39       0
                text37                             62D0     62D0       A6     3168       0
                text36                             622C     622C       A4     3116       0
                text35                             703E     703E      4B4     381F       0
                text34                             6070     6070       90     3038       0
                text33                             6B4E     6B4E      118     35A7       0
                text32                             5F76     5F76       72     2FBB       0
                text31                             5E3C     5E3C       64     2F1E       0
                text30                             6424     6424       B6     3212       0
                text29                             64DA     64DA       C0     326D       0
                text28                             6376     6376       AE     31BB       0
                text27                             6A3E     6A3E      110     351F       0
                text26                             5824     5824       16     2C12       0
                text25                             5D80     5D80       5E     2EC0       0
                text24                             583A     583A       1A     2C1D       0
                text23                             6100     6100       92     3080       0
                text22                             5FE8     5FE8       88     2FF4       0
                text21                             673C     673C       EA     339E       0
                text20                             6E12     6E12      22C     3709       0
                text19                             597E     597E       26     2CBF       0
                text18                             579A     579A        A     2BCD       0
                text17                             5890     5890       1E     2C48       0
                text16                             5B40     5B40       4C     2DA0       0
                text15                             57BC     57BC       12     2BDE       0
                text14                             5788     5788        6     2BC4       0
                text13                             5B8C     5B8C       4C     2DC6       0
                text12                             6930     6930      10E     3498       0
                text11                             5DDE     5DDE       5E     2EEF       0
                text10                             6C66     6C66      1AC     3633       0
                text9                              57A4     57A4        A     2BD2       0
                text8                              578E     578E        6     2BC7       0
                text7                              5794     5794        6     2BCA       0
                text6                              5D24     5D24       5C     2E92       0
                text5                              5778     5778        4     2BBC       0
                text4                              57AE     57AE        E     2BD7       0
                text3                              659A     659A       C6     32CD       0
                text2                              58AE     58AE       1E     2C57       0
                text1                              5BD8     5BD8       50     2DEC       0
                text0                              74F2     74F2      632     3A79       0
                cstackCOMRAM                          1        1       46        1       1
                cstackBANK0                          60       60       33       60       1
                bssBANK0                             93       93        C       60       1
                bssCOMRAM                            47       47       19        1       1
                cinit                              58EC     58EC       22     2C76       0

TOTAL           Name                               Link     Load   Length     Space
        CLASS   CODE           
                init                               7FFC     7FFC        4         0
                reset_vec                             0        0        4         0
                text70                             577C     577C        6         0
                text69                             5760     5760        4         0
                text68                             6660     6660       DC         0
                text67                             5782     5782        6         0
                text66                             57CE     57CE       14         0
                text65                             5764     5764        4         0
                text64                             5932     5932       26         0
                text63                             5AAC     5AAC       4A         0
                text62                             5A2A     5A2A       3E         0
                text61                             5A68     5A68       44         0
                text60                             590E     590E       24         0
                text59                             6826     6826      10A         0
                text58                             5EA0     5EA0       6A         0
                text57                             6192     6192       9A         0
                text56                             59A4     59A4       2A         0
                text55                             5C28     5C28       52         0
                text54                             5CCE     5CCE       56         0
                text53                             5C7A     5C7A       54         0
                text52                             5768     5768        4         0
                text51                             576C     576C        4         0
                text50                             59FA     59FA       30         0
                text49                             5770     5770        4         0
                text48                             5774     5774        4         0
                text47                             58CC     58CC       20         0
                text46                             5958     5958       26         0
                text45                             5AF6     5AF6       4A         0
                text44                             57E2     57E2       16         0
                text43                             57F8     57F8       16         0
                text42                             580E     580E       16         0
                text41                             5854     5854       1E         0
                text40                             59CE     59CE       2C         0
                text39                             5F0A     5F0A       6C         0
                text38                             5872     5872       1E         0
                text37                             62D0     62D0       A6         0
                text36                             622C     622C       A4         0
                text35                             703E     703E      4B4         0
                text34                             6070     6070       90         0
                text33                             6B4E     6B4E      118         0
                text32                             5F76     5F76       72         0
                text31                             5E3C     5E3C       64         0
                text30                             6424     6424       B6         0
                text29                             64DA     64DA       C0         0
                text28                             6376     6376       AE         0
                text27                             6A3E     6A3E      110         0
                text26                             5824     5824       16         0
                text25                             5D80     5D80       5E         0
                text24                             583A     583A       1A         0
                text23                             6100     6100       92         0
                text22                             5FE8     5FE8       88         0
                text21                             673C     673C       EA         0
                text20                             6E12     6E12      22C         0
                text19                             597E     597E       26         0
                text18                             579A     579A        A         0
                text17                             5890     5890       1E         0
                text16                             5B40     5B40       4C         0
                text15                             57BC     57BC       12         0
                text14                             5788     5788        6         0
                text13                             5B8C     5B8C       4C         0
                text12                             6930     6930      10E         0
                text11                             5DDE     5DDE       5E         0
                text10                             6C66     6C66      1AC         0
                text9                              57A4     57A4        A         0
                text8                              578E     578E        6         0
                text7                              5794     5794        6         0
                text6                              5D24     5D24       5C         0
                text5                              5778     5778        4         0
                text4                              57AE     57AE        E         0
                text3                              659A     659A       C6         0
                text2                              58AE     58AE       1E         0
                text1                              5BD8     5BD8       50         0
                text0                              74F2     74F2      632         0
                cinit                              58EC     58EC       22         0

        CLASS   CONST          

        CLASS   SMALLCONST     

        CLASS   MEDIUMCONST    
                mediumconst                        7B24     7B24      4D8         0

        CLASS   COMRAM         
                cstackCOMRAM                          1        1       46         1
                bssCOMRAM                            47       47       19         1

        CLASS   ABS1           

        CLASS   BIGRAM         

        CLASS   RAM            

        CLASS   BANK0          
                cstackBANK0                          60       60       33         1
                bssBANK0                             93       93        C         1

        CLASS   BANK1          

        CLASS   BANK2          

        CLASS   BANK3          

        CLASS   BANK4          

        CLASS   BANK5          

        CLASS   BANK6          

        CLASS   BANK7          

        CLASS   SFR            

        CLASS   BIGSFR         

        CLASS   CONFIG         
                config                           300000   300000        E         4

        CLASS   IDLOC          

        CLASS   EEDATA         

        CLASS   FARRAM         

        CLASS   HEAP           

        CLASS   STACK          



SEGMENTS        Name                           Load    Length   Top    Selector   Space  Class

                reset_vec                      000000  000004  000004         0       0  CODE    
                cstackCOMRAM                   000001  00005F  000060         1       1  COMRAM  
                cstackBANK0                    000060  00003F  00009F        60       1  BANK0   
                text69                         005760  000004  005764      2BB0       0  CODE    
                text65                         005764  000004  005768      2BB2       0  CODE    
                text52                         005768  000004  00576C      2BB4       0  CODE    
                text51                         00576C  000004  005770      2BB6       0  CODE    
                text49                         005770  000004  005774      2BB8       0  CODE    
                text48                         005774  000004  005778      2BBA       0  CODE    
                text5                          005778  000004  00577C      2BBC       0  CODE    
                text70                         00577C  000006  005782      2BBE       0  CODE    
                text67                         005782  000006  005788      2BC1       0  CODE    
                text14                         005788  000006  00578E      2BC4       0  CODE    
                text8                          00578E  000006  005794      2BC7       0  CODE    
                text7                          005794  000006  00579A      2BCA       0  CODE    
                text18                         00579A  00000A  0057A4      2BCD       0  CODE    
                text9                          0057A4  00000A  0057AE      2BD2       0  CODE    
                text4                          0057AE  00000E  0057BC      2BD7       0  CODE    
                text15                         0057BC  000012  0057CE      2BDE       0  CODE    
                text66                         0057CE  000014  0057E2      2BE7       0  CODE    
                text44                         0057E2  000016  0057F8      2BF1       0  CODE    
                text43                         0057F8  000016  00580E      2BFC       0  CODE    
                text42                         00580E  000016  005824      2C07       0  CODE    
                text26                         005824  000016  00583A      2C12       0  CODE    
                text24                         00583A  00001A  005854      2C1D       0  CODE    
                text41                         005854  00001E  005872      2C2A       0  CODE    
                text38                         005872  00001E  005890      2C39       0  CODE    
                text17                         005890  00001E  0058AE      2C48       0  CODE    
                text2                          0058AE  00001E  0058CC      2C57       0  CODE    
                text47                         0058CC  000020  0058EC      2C66       0  CODE    
                cinit                          0058EC  000022  00590E      2C76       0  CODE    
                text60                         00590E  000024  005932      2C87       0  CODE    
                text64                         005932  000026  005958      2C99       0  CODE    
                text46                         005958  000026  00597E      2CAC       0  CODE    
                text19                         00597E  000026  0059A4      2CBF       0  CODE    
                text56                         0059A4  00002A  0059CE      2CD2       0  CODE    
                text40                         0059CE  00002C  0059FA      2CE7       0  CODE    
                text50                         0059FA  000030  005A2A      2CFD       0  CODE    
                text62                         005A2A  00003E  005A68      2D15       0  CODE    
                text61                         005A68  000044  005AAC      2D34       0  CODE    
                text63                         005AAC  00004A  005AF6      2D56       0  CODE    
                text45                         005AF6  00004A  005B40      2D7B       0  CODE    
                text16                         005B40  00004C  005B8C      2DA0       0  CODE    
                text13                         005B8C  00004C  005BD8      2DC6       0  CODE    
                text1                          005BD8  000050  005C28      2DEC       0  CODE    
                text55                         005C28  000052  005C7A      2E14       0  CODE    
                text53                         005C7A  000054  005CCE      2E3D       0  CODE    
                text54                         005CCE  000056  005D24      2E67       0  CODE    
                text6                          005D24  00005C  005D80      2E92       0  CODE    
                text25                         005D80  00005E  005DDE      2EC0       0  CODE    
                text11                         005DDE  00005E  005E3C      2EEF       0  CODE    
                text31                         005E3C  000064  005EA0      2F1E       0  CODE    
                text58                         005EA0  00006A  005F0A      2F50       0  CODE    
                text39                         005F0A  00006C  005F76      2F85       0  CODE    
                text32                         005F76  000072  005FE8      2FBB       0  CODE    
                text22                         005FE8  000088  006070      2FF4       0  CODE    
                text34                         006070  000090  006100      3038       0  CODE    
                text23                         006100  000092  006192      3080       0  CODE    
                text57                         006192  00009A  00622C      30C9       0  CODE    
                text36                         00622C  0000A4  0062D0      3116       0  CODE    
                text37                         0062D0  0000A6  006376      3168       0  CODE    
                text28                         006376  0000AE  006424      31BB       0  CODE    
                text30                         006424  0000B6  0064DA      3212       0  CODE    
                text29                         0064DA  0000C0  00659A      326D       0  CODE    
                text3                          00659A  0000C6  006660      32CD       0  CODE    
                text68                         006660  0000DC  00673C      3330       0  CODE    
                text21                         00673C  0000EA  006826      339E       0  CODE    
                text59                         006826  00010A  006930      3413       0  CODE    
                text12                         006930  00010E  006A3E      3498       0  CODE    
                text27                         006A3E  000110  006B4E      351F       0  CODE    
                text33                         006B4E  000118  006C66      35A7       0  CODE    
                text10                         006C66  0001AC  006E12      3633       0  CODE    
                text20                         006E12  00022C  00703E      3709       0  CODE    
                text35                         00703E  0004B4  0074F2      381F       0  CODE    
                text0                          0074F2  000632  007B24      3A79       0  CODE    
                mediumconst                    007B24  0004D8  007FFC      3D92       0  MEDIUMCO
                init                           007FFC  000004  008000      3FFE       0  CODE    


UNUSED ADDRESS RANGES

        Name                Unused          Largest block    Delta
        BANK0            00009F-0000FF               61
        BANK1            000100-0001FF              100
        BANK2            000200-0002FF              100
        BANK3            000300-0003FF              100
        BANK4            000400-0004FF              100
        BANK5            000500-0005FF              100
        BANK6            000600-0006FF              100
        BANK7            000700-0007FF              100
        BIGRAM           00009F-0007FF              761
        BIGSFR           000F60-000FFF               A0
        CODE             000004-00575F             575C
        CONST            000004-00575F             575C
        EEDATA           F00000-F000FF              100
        IDLOC            200000-200007                8
        MEDIUMCONST      000800-00575F             4F60
        RAM              00009F-0007FF              100
        SFR              000F60-000FFF               A0
        SMALLCONST       000800-00575F              100

                                  Symbol Table

?___aldiv                                    cstackCOMRAM 00000D
?___awdiv                                    cstackCOMRAM 000001
?___awmod                                    cstackCOMRAM 000001
?___lldiv                                    cstackCOMRAM 000001
?___llmod                                    cstackCOMRAM 000001
?___lmul                                     cstackCOMRAM 000001
?___lwdiv                                    cstackCOMRAM 000001
?___lwmod                                    cstackCOMRAM 000001
Buzzer_Update@alarm_active                   cstackCOMRAM 000005
Buzzer_Update@blink_counter                  bssCOMRAM    000053
Buzzer_Update@bpm                            cstackCOMRAM 000002
Buzzer_Update@bpm_valid                      cstackCOMRAM 000001
Buzzer_Update@finger_detected                cstackCOMRAM 000004
Buzzer_Update@led_state                      bssCOMRAM    000057
Buzzer_Update@previous_alarm_active          bssCOMRAM    000058
DS18B20_ReadTemperatureX100@raw_temperature  cstackCOMRAM 00001E
DS18B20_ReadTemperatureX100@temp_lsb         cstackCOMRAM 000020
DS18B20_ReadTemperatureX100@temp_msb         cstackCOMRAM 000021
DS18B20_ReadTemperatureX100@temperature_x100 cstackCOMRAM 00001B
Freeze_Switch_Update@debounce_counter        bssCOMRAM    000059
Freeze_Switch_Update@last_raw_state          bssCOMRAM    00005A
Freeze_Switch_Update@raw_state               cstackCOMRAM 000001
Freeze_Switch_Update@stable_state            bssCOMRAM    00005B
I2C_Master_Init@clock_hz                     cstackCOMRAM 00000E
I2C_Master_Read@ack                          cstackCOMRAM 000002
I2C_Master_Read@data                         cstackCOMRAM 000003
I2C_Master_Write@data                        cstackCOMRAM 000002
Is_Finger_Detected@finger_state              bssCOMRAM    00005F
Is_Finger_Detected@ir_value                  cstackCOMRAM 000001
Is_Skin_Detected@temp_valid                  cstackCOMRAM 000003
Is_Skin_Detected@temp_x100                   cstackCOMRAM 000001
LED_Status_Update@ds18b20_ok                 cstackCOMRAM 000001
LED_Status_Update@max_ok                     cstackCOMRAM 000002
LED_Wait_Update@finger_detected              cstackCOMRAM 000001
MAX30102_Init@part_id                        cstackCOMRAM 000008
MAX30102_ProcessHeartRate@abs_ac_signal      cstackCOMRAM 000024
MAX30102_ProcessHeartRate@ac_signal          cstackCOMRAM 000038
MAX30102_ProcessHeartRate@bpm                cstackCOMRAM 00001F
MAX30102_ProcessHeartRate@calculated_bpm     cstackCOMRAM 000034
MAX30102_ProcessHeartRate@dynamic_threshold  cstackCOMRAM 000028
MAX30102_ProcessHeartRate@interval_samples   cstackCOMRAM 000030
MAX30102_ProcessHeartRate@ir_value           cstackCOMRAM 00001B
MAX30102_ProcessHeartRate@peak_sample        cstackCOMRAM 00002C
MAX30102_ReadFIFO@data                       cstackCOMRAM 00001F
MAX30102_ReadFIFO@ir_value                   cstackCOMRAM 00000E
MAX30102_ReadFIFO@red_value                  cstackCOMRAM 00000D
MAX30102_ReadMulti@buffer                    cstackCOMRAM 000004
MAX30102_ReadMulti@i                         cstackCOMRAM 00000C
MAX30102_ReadMulti@length                    cstackCOMRAM 000005
MAX30102_ReadMulti@reg                       cstackCOMRAM 00000B
MAX30102_ReadRegister@reg                    cstackCOMRAM 000004
MAX30102_ReadRegister@value                  cstackCOMRAM 000005
MAX30102_WriteRegister@reg                   cstackCOMRAM 000004
MAX30102_WriteRegister@value                 cstackCOMRAM 000003
OneWire_ReadBit@bit_value                    cstackCOMRAM 000001
OneWire_ReadByte@data                        cstackCOMRAM 000004
OneWire_ReadByte@i                           cstackCOMRAM 000005
OneWire_Reset@presence                       cstackCOMRAM 000001
OneWire_WriteBit@bit_value                   cstackCOMRAM 000001
OneWire_WriteByte@data                       cstackCOMRAM 000002
OneWire_WriteByte@i                          cstackCOMRAM 000003
SSD1306_ClearDisplay@column                  cstackCOMRAM 000006
SSD1306_ClearDisplay@page                    cstackCOMRAM 000007
SSD1306_Command@command                      cstackCOMRAM 000003
SSD1306_Data@data                            cstackCOMRAM 000003
SSD1306_SetCursor@column                     cstackCOMRAM 000005
SSD1306_SetCursor@page                       cstackCOMRAM 000004
SSD1306_WriteChar@c                          cstackCOMRAM 00000C
SSD1306_WriteChar@character                  cstackCOMRAM 00000E
SSD1306_WriteChar@i                          cstackCOMRAM 00000D
SSD1306_WriteChar@index                      cstackCOMRAM 00000A
SSD1306_WriteString@str                      cstackCOMRAM 00000F
Send_Data_By_UART@bpm                        cstackCOMRAM 00002D
Send_Data_By_UART@bpm_valid                  cstackCOMRAM 00002C
Send_Data_By_UART@buzzer_alarm               cstackCOMRAM 000039
Send_Data_By_UART@finger_detected            cstackCOMRAM 000027
Send_Data_By_UART@freeze_mode                cstackCOMRAM 000038
Send_Data_By_UART@ir_value                   cstackCOMRAM 000033
Send_Data_By_UART@red_value                  cstackCOMRAM 00002F
Send_Data_By_UART@sample                     cstackCOMRAM 000025
Send_Data_By_UART@skin_detected              cstackCOMRAM 000029
Send_Data_By_UART@system_functional          cstackCOMRAM 000037
Send_Data_By_UART@temp_valid                 cstackCOMRAM 000028
Send_Data_By_UART@temp_x100                  cstackCOMRAM 00002A
Send_Data_By_UART@text                       cstackCOMRAM 00003A
Show_Data_On_OLED@bpm                        cstackCOMRAM 00002A
Show_Data_On_OLED@bpm_valid                  cstackCOMRAM 000029
Show_Data_On_OLED@buzzer_alarm               cstackCOMRAM 00002E
Show_Data_On_OLED@finger_detected            cstackCOMRAM 00003B
Show_Data_On_OLED@freeze_mode                cstackCOMRAM 00002D
Show_Data_On_OLED@skin_detected              cstackCOMRAM 000026
Show_Data_On_OLED@system_functional          cstackCOMRAM 00002C
Show_Data_On_OLED@temp_valid                 cstackCOMRAM 000025
Show_Data_On_OLED@temp_x100                  cstackCOMRAM 000027
Show_Data_On_OLED@text                       cstackCOMRAM 00002F
Temp_ToString@abs_value                      cstackCOMRAM 000020
Temp_ToString@buffer                         cstackCOMRAM 000015
Temp_ToString@decimal_part                   cstackCOMRAM 000022
Temp_ToString@i                              cstackCOMRAM 000023
Temp_ToString@int_part                       cstackCOMRAM 00001E
Temp_ToString@int_text                       cstackCOMRAM 000018
Temp_ToString@j                              cstackCOMRAM 000024
Temp_ToString@temp_x100                      cstackCOMRAM 000013
UART_WriteChar@data                          cstackCOMRAM 000001
UART_WriteLine@text                          cstackCOMRAM 000004
UART_WriteString@text                        cstackCOMRAM 000002
UART_WriteUInt16@i                           cstackCOMRAM 000010
UART_WriteUInt16@temp                        cstackCOMRAM 00000A
UART_WriteUInt16@value                       cstackCOMRAM 000008
UInt16_ToString@buffer                       cstackCOMRAM 00000A
UInt16_ToString@i                            cstackCOMRAM 000012
UInt16_ToString@j                            cstackCOMRAM 000011
UInt16_ToString@temp                         cstackCOMRAM 00000B
UInt16_ToString@value                        cstackCOMRAM 000008
UInt32_ToString@buffer                       cstackCOMRAM 000012
UInt32_ToString@i                            cstackCOMRAM 00001F
UInt32_ToString@j                            cstackCOMRAM 00001E
UInt32_ToString@temp                         cstackCOMRAM 000013
UInt32_ToString@value                        cstackCOMRAM 00000E
_ADCON1                                      (abs)        000FC1
_BAUDCON                                     (abs)        000FB8
_BAUDCONbits                                 (abs)        000FB8
_Buzzer_Init                                 text9        0057A4
_Buzzer_Off                                  text70       00577C
_Buzzer_On                                   text69       005760
_Buzzer_Update                               text68       006660
_CMCON                                       (abs)        000FB4
_CVRCON                                      (abs)        000FB5
_DS18B20_Init                                text8        00578E
_DS18B20_ReadTemperatureX100                 text57       006192
_DS18B20_StartConversion                     text56       0059A4
_Font5x7                                     mediumconst  007B25
_Freeze_Switch_Init                          text7        005794
_Freeze_Switch_Update                        text55       005C28
_I2C_Master_Init                             text6        005D24
_I2C_Master_Read                             text45       005AF6
_I2C_Master_RepeatedStart                    text44       0057E2
_I2C_Master_Start                            text43       0057F8
_I2C_Master_Stop                             text42       00580E
_I2C_Master_Wait                             text46       005958
_I2C_Master_Write                            text41       005854
_INTCON2bits                                 (abs)        000FF1
_Is_Finger_Detected                          text54       005CCE
_Is_Skin_Detected                            text53       005C7A
_LATAbits                                    (abs)        000F89
_LATDbits                                    (abs)        000F8C
_LED_Power_On                                text5        005778
_LED_Status_Off                              text52       005768
_LED_Status_On                               text51       00576C
_LED_Status_Update                           text50       0059FA
_LED_Wait_Off                                text49       005770
_LED_Wait_On                                 text48       005774
_LED_Wait_Update                             text47       0058CC
_LEDs_Init                                   text4        0057AE
_MAX30102_Init                               text37       0062D0
_MAX30102_ProcessHeartRate                   text35       00703E
_MAX30102_ReadFIFO                           text33       006B4E
_MAX30102_ReadMulti                          text34       006070
_MAX30102_ReadRegister                       text40       0059CE
_MAX30102_ResetHeartRateAlgorithm            text39       005F0A
_MAX30102_WriteRegister                      text38       005872
_OSCCON                                      (abs)        000FD3
_OneWire_Low                                 text67       005782
_OneWire_ReadBit                             text64       005932
_OneWire_ReadByte                            text63       005AAC
_OneWire_ReadPin                             text66       0057CE
_OneWire_Release                             text65       005764
_OneWire_Reset                               text62       005A2A
_OneWire_WriteBit                            text61       005A68
_OneWire_WriteByte                           text60       00590E
_PIR1bits                                    (abs)        000F9E
_PORTAbits                                   (abs)        000F80
_PORTBbits                                   (abs)        000F81
_RCSTA                                       (abs)        000FAB
_RCSTAbits                                   (abs)        000FAB
_SPBRG                                       (abs)        000FAF
_SPBRGH                                      (abs)        000FB0
_SSD1306_ClearDisplay                        text13       005B8C
_SSD1306_Command                             text17       005890
_SSD1306_Data                                text18       00579A
_SSD1306_Init                                text3        00659A
_SSD1306_SetCursor                           text16       005B40
_SSD1306_StartData                           text15       0057BC
_SSD1306_StopData                            text14       005788
_SSD1306_WriteChar                           text12       006930
_SSD1306_WriteString                         text11       005DDE
_SSPADD                                      (abs)        000FC8
_SSPBUF                                      (abs)        000FC9
_SSPCON1                                     (abs)        000FC6
_SSPCON2                                     (abs)        000FC5
_SSPCON2bits                                 (abs)        000FC5
_SSPSTAT                                     (abs)        000FC7
_SSPSTATbits                                 (abs)        000FC7
_Send_Data_By_UART                           text20       006E12
_Send_Header_By_UART                         text19       00597E
_Show_Data_On_OLED                           text10       006C66
_System_Init                                 text1        005BD8
_TRISAbits                                   (abs)        000F92
_TRISBbits                                   (abs)        000F93
_TRISCbits                                   (abs)        000F94
_TRISDbits                                   (abs)        000F95
_TXREG                                       (abs)        000FAD
_TXSTA                                       (abs)        000FAC
_TXSTAbits                                   (abs)        000FAC
_Temp_ToString                               text27       006A3E
_UART_Init                                   text2        0058AE
_UART_WriteChar                              text26       005824
_UART_WriteLine                              text24       00583A
_UART_WriteString                            text25       005D80
_UART_WriteUInt16                            text23       006100
_UInt16_ToString                             text30       006424
_UInt32_ToString                             text21       00673C
__HRAM                                       (abs)        000000
__H__absolute__                              __absolute__ 000000
__Habs1                                      abs1         000000
__Hbank0                                     bank0        000000
__Hbank1                                     bank1        000000
__Hbank2                                     bank2        000000
__Hbank3                                     bank3        000000
__Hbank4                                     bank4        000000
__Hbank5                                     bank5        000000
__Hbank6                                     bank6        000000
__Hbank7                                     bank7        000000
__Hbigbss                                    bigbss       000000
__Hbigdata                                   bigdata      000000
__Hbigram                                    bigram       000000
__Hbigsfr                                    bigsfr       000000
__Hbss                                       bss          000000
__HbssBANK0                                  bssBANK0     000000
__HbssCOMRAM                                 bssCOMRAM    000000
__Hcinit                                     cinit        000000
__Hclrtext                                   clrtext      000000
__Hcomram                                    comram       000000
__Hconfig                                    config       30000E
__Hconst                                     const        000000
__HcstackBANK0                               cstackBANK0  000000
__HcstackCOMRAM                              cstackCOMRAM 000000
__Hdata                                      data         000000
__Heeprom_data                               eeprom_data  000000
__Hfarbss                                    farbss       000000
__Hfardata                                   fardata      000000
__Hheap                                      heap         000000
__Hibigdata                                  ibigdata     000000
__Hidata                                     idata        000000
__Hidloc                                     idloc        000000
__Hifardata                                  ifardata     000000
__Hinit                                      init         008000
__Hintcode                                   intcode      000008
__Hintcode_body                              intcode_body 000000
__Hintcodelo                                 intcodelo    000018
__Hintentry                                  intentry     000000
__Hintret                                    intret       000000
__Hintsave_regs                              intsave_regs 000000
__Hirdata                                    irdata       000000
__Hmediumconst                               mediumconst  007FFC
__HnvFARRAM                                  nvFARRAM     000000
__Hnvbit                                     nvbit        000000
__Hnvrram                                    nvrram       000000
__Hparam                                     rparam       000000
__Hpowerup                                   powerup      000000
__Hram                                       ram          000000
__Hramtop                                    ramtop       000800
__Hrbit                                      rbit         000000
__Hrbss                                      rbss         000000
__Hrdata                                     rdata        000000
__Hreset_vec                                 reset_vec    000004
__Hrparam                                    rparam       000000
__Hsfr                                       sfr          000000
__Hsivt_hi                                   sivt_hi      000000
__Hsivt_lo                                   sivt_lo      000018
__Hsmallconst                                smallconst   000000
__Hspace_0                                   (abs)        008000
__Hspace_1                                   (abs)        00009F
__Hspace_2                                   (abs)        000000
__Hspace_4                                   (abs)        60000E
__Hstack                                     stack        000000
__Hstruct                                    struct       000000
__Htemp                                      temp         000000
__Htext                                      text         000000
__Htext0                                     text0        000000
__Htext1                                     text1        000000
__Htext10                                    text10       000000
__Htext11                                    text11       000000
__Htext12                                    text12       000000
__Htext13                                    text13       000000
__Htext14                                    text14       000000
__Htext15                                    text15       000000
__Htext16                                    text16       000000
__Htext17                                    text17       000000
__Htext18                                    text18       000000
__Htext19                                    text19       000000
__Htext2                                     text2        000000
__Htext20                                    text20       000000
__Htext21                                    text21       000000
__Htext22                                    text22       000000
__Htext23                                    text23       000000
__Htext24                                    text24       000000
__Htext25                                    text25       000000
__Htext26                                    text26       000000
__Htext27                                    text27       000000
__Htext28                                    text28       000000
__Htext29                                    text29       000000
__Htext3                                     text3        000000
__Htext30                                    text30       000000
__Htext31                                    text31       000000
__Htext32                                    text32       000000
__Htext33                                    text33       000000
__Htext34                                    text34       000000
__Htext35                                    text35       000000
__Htext36                                    text36       000000
__Htext37                                    text37       000000
__Htext38                                    text38       000000
__Htext39                                    text39       000000
__Htext4                                     text4        000000
__Htext40                                    text40       000000
__Htext41                                    text41       000000
__Htext42                                    text42       000000
__Htext43                                    text43       000000
__Htext44                                    text44       000000
__Htext45                                    text45       000000
__Htext46                                    text46       000000
__Htext47                                    text47       000000
__Htext48                                    text48       000000
__Htext49                                    text49       000000
__Htext5                                     text5        000000
__Htext50                                    text50       000000
__Htext51                                    text51       000000
__Htext52                                    text52       000000
__Htext53                                    text53       000000
__Htext54                                    text54       000000
__Htext55                                    text55       000000
__Htext56                                    text56       000000
__Htext57                                    text57       000000
__Htext58                                    text58       000000
__Htext59                                    text59       000000
__Htext6                                     text6        000000
__Htext60                                    text60       000000
__Htext61                                    text61       000000
__Htext62                                    text62       000000
__Htext63                                    text63       000000
__Htext64                                    text64       000000
__Htext65                                    text65       000000
__Htext66                                    text66       000000
__Htext67                                    text67       000000
__Htext68                                    text68       000000
__Htext69                                    text69       000000
__Htext7                                     text7        000000
__Htext70                                    text70       000000
__Htext8                                     text8        000000
__Htext9                                     text9        000000
__LRAM                                       (abs)        000001
__L__absolute__                              __absolute__ 000000
__Labs1                                      abs1         000000
__Lbank0                                     bank0        000000
__Lbank1                                     bank1        000000
__Lbank2                                     bank2        000000
__Lbank3                                     bank3        000000
__Lbank4                                     bank4        000000
__Lbank5                                     bank5        000000
__Lbank6                                     bank6        000000
__Lbank7                                     bank7        000000
__Lbigbss                                    bigbss       000000
__Lbigdata                                   bigdata      000000
__Lbigram                                    bigram       000000
__Lbigsfr                                    bigsfr       000000
__Lbss                                       bss          000000
__LbssBANK0                                  bssBANK0     000000
__LbssCOMRAM                                 bssCOMRAM    000000
__Lcinit                                     cinit        000000
__Lclrtext                                   clrtext      000000
__Lcomram                                    comram       000000
__Lconfig                                    config       000000
__Lconst                                     const        000000
__LcstackBANK0                               cstackBANK0  000000
__LcstackCOMRAM                              cstackCOMRAM 000000
__Ldata                                      data         000000
__Leeprom_data                               eeprom_data  000000
__Lfarbss                                    farbss       000000
__Lfardata                                   fardata      000000
__Lheap                                      heap         000000
__Libigdata                                  ibigdata     000000
__Lidata                                     idata        000000
__Lidloc                                     idloc        000000
__Lifardata                                  ifardata     000000
__Linit                                      init         007FFC
__Lintcode                                   intcode      000008
__Lintcode_body                              intcode_body 000000
__Lintcodelo                                 intcodelo    000018
__Lintentry                                  intentry     000000
__Lintret                                    intret       000000
__Lintsave_regs                              intsave_regs 000000
__Lirdata                                    irdata       000000
__Lmediumconst                               mediumconst  007B24
__LnvFARRAM                                  nvFARRAM     000000
__Lnvbit                                     nvbit        000000
__Lnvrram                                    nvrram       000000
__Lparam                                     rparam       000000
__Lpowerup                                   powerup      000000
__Lram                                       ram          000000
__Lramtop                                    ramtop       000800
__Lrbit                                      rbit         000000
__Lrbss                                      rbss         000000
__Lrdata                                     rdata        000000
__Lreset_vec                                 reset_vec    000000
__Lrparam                                    rparam       000000
__Lsfr                                       sfr          000000
__Lsivt_hi                                   sivt_hi      000000
__Lsivt_lo                                   sivt_lo      000018
__Lsmallconst                                smallconst   000000
__Lspace_0                                   (abs)        000000
__Lspace_1                                   (abs)        000000
__Lspace_2                                   (abs)        000000
__Lspace_4                                   (abs)        000000
__Lstack                                     stack        000000
__Lstruct                                    struct       000000
__Ltemp                                      temp         000000
__Ltext                                      text         000000
__Ltext0                                     text0        000000
__Ltext1                                     text1        000000
__Ltext10                                    text10       000000
__Ltext11                                    text11       000000
__Ltext12                                    text12       000000
__Ltext13                                    text13       000000
__Ltext14                                    text14       000000
__Ltext15                                    text15       000000
__Ltext16                                    text16       000000
__Ltext17                                    text17       000000
__Ltext18                                    text18       000000
__Ltext19                                    text19       000000
__Ltext2                                     text2        000000
__Ltext20                                    text20       000000
__Ltext21                                    text21       000000
__Ltext22                                    text22       000000
__Ltext23                                    text23       000000
__Ltext24                                    text24       000000
__Ltext25                                    text25       000000
__Ltext26                                    text26       000000
__Ltext27                                    text27       000000
__Ltext28                                    text28       000000
__Ltext29                                    text29       000000
__Ltext3                                     text3        000000
__Ltext30                                    text30       000000
__Ltext31                                    text31       000000
__Ltext32                                    text32       000000
__Ltext33                                    text33       000000
__Ltext34                                    text34       000000
__Ltext35                                    text35       000000
__Ltext36                                    text36       000000
__Ltext37                                    text37       000000
__Ltext38                                    text38       000000
__Ltext39                                    text39       000000
__Ltext4                                     text4        000000
__Ltext40                                    text40       000000
__Ltext41                                    text41       000000
__Ltext42                                    text42       000000
__Ltext43                                    text43       000000
__Ltext44                                    text44       000000
__Ltext45                                    text45       000000
__Ltext46                                    text46       000000
__Ltext47                                    text47       000000
__Ltext48                                    text48       000000
__Ltext49                                    text49       000000
__Ltext5                                     text5        000000
__Ltext50                                    text50       000000
__Ltext51                                    text51       000000
__Ltext52                                    text52       000000
__Ltext53                                    text53       000000
__Ltext54                                    text54       000000
__Ltext55                                    text55       000000
__Ltext56                                    text56       000000
__Ltext57                                    text57       000000
__Ltext58                                    text58       000000
__Ltext59                                    text59       000000
__Ltext6                                     text6        000000
__Ltext60                                    text60       000000
__Ltext61                                    text61       000000
__Ltext62                                    text62       000000
__Ltext63                                    text63       000000
__Ltext64                                    text64       000000
__Ltext65                                    text65       000000
__Ltext66                                    text66       000000
__Ltext67                                    text67       000000
__Ltext68                                    text68       000000
__Ltext69                                    text69       000000
__Ltext7                                     text7        000000
__Ltext70                                    text70       000000
__Ltext8                                     text8        000000
__Ltext9                                     text9        000000
__S0                                         (abs)        008000
__S1                                         (abs)        00009F
__S4                                         (abs)        000000
__S5                                         (abs)        000000
___aldiv                                     text59       006826
___aldiv@counter                             cstackCOMRAM 000015
___aldiv@dividend                            cstackCOMRAM 00000D
___aldiv@divisor                             cstackCOMRAM 000011
___aldiv@quotient                            cstackCOMRAM 000017
___aldiv@sign                                cstackCOMRAM 000016
___awdiv                                     text29       0064DA
___awdiv@counter                             cstackCOMRAM 000005
___awdiv@dividend                            cstackCOMRAM 000001
___awdiv@divisor                             cstackCOMRAM 000003
___awdiv@quotient                            cstackCOMRAM 000007
___awdiv@sign                                cstackCOMRAM 000006
___awmod                                     text28       006376
___awmod@counter                             cstackCOMRAM 000005
___awmod@dividend                            cstackCOMRAM 000001
___awmod@divisor                             cstackCOMRAM 000003
___awmod@sign                                cstackCOMRAM 000006
___heap_hi                                   (abs)        000000
___heap_lo                                   (abs)        000000
___inthi_sp                                  stack        000000
___inthi_stack_hi                            stack        000000
___inthi_stack_lo                            stack        000000
___intlo_sp                                  stack        000000
___intlo_stack_hi                            stack        000000
___intlo_stack_lo                            stack        000000
___lldiv                                     text36       00622C
___lldiv@counter                             cstackCOMRAM 00000D
___lldiv@dividend                            cstackCOMRAM 000001
___lldiv@divisor                             cstackCOMRAM 000005
___lldiv@quotient                            cstackCOMRAM 000009
___llmod                                     text22       005FE8
___llmod@counter                             cstackCOMRAM 000009
___llmod@dividend                            cstackCOMRAM 000001
___llmod@divisor                             cstackCOMRAM 000005
___lmul                                      text58       005EA0
___lmul@multiplicand                         cstackCOMRAM 000005
___lmul@multiplier                           cstackCOMRAM 000001
___lmul@product                              cstackCOMRAM 000009
___lwdiv                                     text32       005F76
___lwdiv@counter                             cstackCOMRAM 000007
___lwdiv@dividend                            cstackCOMRAM 000001
___lwdiv@divisor                             cstackCOMRAM 000003
___lwdiv@quotient                            cstackCOMRAM 000005
___lwmod                                     text31       005E3C
___lwmod@counter                             cstackCOMRAM 000005
___lwmod@dividend                            cstackCOMRAM 000001
___lwmod@divisor                             cstackCOMRAM 000003
___param_bank                                (abs)        000000
___rparam_used                               (abs)        000001
___sp                                        stack        000000
___stack_hi                                  stack        000000
___stack_lo                                  stack        000000
__accesstop                                  (abs)        000060
__activetblptr                               (abs)        000002
__end_of_Buzzer_Init                         text9        0057AE
__end_of_Buzzer_Off                          text70       005782
__end_of_Buzzer_On                           text69       005764
__end_of_Buzzer_Update                       text68       00673C
__end_of_DS18B20_Init                        text8        005794
__end_of_DS18B20_ReadTemperatureX100         text57       00622C
__end_of_DS18B20_StartConversion             text56       0059CE
__end_of_Font5x7                             mediumconst  007D05
__end_of_Freeze_Switch_Init                  text7        00579A
__end_of_Freeze_Switch_Update                text55       005C7A
__end_of_I2C_Master_Init                     text6        005D80
__end_of_I2C_Master_Read                     text45       005B40
__end_of_I2C_Master_RepeatedStart            text44       0057F8
__end_of_I2C_Master_Start                    text43       00580E
__end_of_I2C_Master_Stop                     text42       005824
__end_of_I2C_Master_Wait                     text46       00597E
__end_of_I2C_Master_Write                    text41       005872
__end_of_Is_Finger_Detected                  text54       005D24
__end_of_Is_Skin_Detected                    text53       005CCE
__end_of_LED_Power_On                        text5        00577C
__end_of_LED_Status_Off                      text52       00576C
__end_of_LED_Status_On                       text51       005770
__end_of_LED_Status_Update                   text50       005A2A
__end_of_LED_Wait_Off                        text49       005774
__end_of_LED_Wait_On                         text48       005778
__end_of_LED_Wait_Update                     text47       0058EC
__end_of_LEDs_Init                           text4        0057BC
__end_of_MAX30102_Init                       text37       006376
__end_of_MAX30102_ProcessHeartRate           text35       0074F2
__end_of_MAX30102_ReadFIFO                   text33       006C66
__end_of_MAX30102_ReadMulti                  text34       006100
__end_of_MAX30102_ReadRegister               text40       0059FA
__end_of_MAX30102_ResetHeartRateAlgorithm    text39       005F76
__end_of_MAX30102_WriteRegister              text38       005890
__end_of_OneWire_Low                         text67       005788
__end_of_OneWire_ReadBit                     text64       005958
__end_of_OneWire_ReadByte                    text63       005AF6
__end_of_OneWire_ReadPin                     text66       0057E2
__end_of_OneWire_Release                     text65       005768
__end_of_OneWire_Reset                       text62       005A68
__end_of_OneWire_WriteBit                    text61       005AAC
__end_of_OneWire_WriteByte                   text60       005932
__end_of_SSD1306_ClearDisplay                text13       005BD8
__end_of_SSD1306_Command                     text17       0058AE
__end_of_SSD1306_Data                        text18       0057A4
__end_of_SSD1306_Init                        text3        006660
__end_of_SSD1306_SetCursor                   text16       005B8C
__end_of_SSD1306_StartData                   text15       0057CE
__end_of_SSD1306_StopData                    text14       00578E
__end_of_SSD1306_WriteChar                   text12       006A3E
__end_of_SSD1306_WriteString                 text11       005E3C
__end_of_Send_Data_By_UART                   text20       00703E
__end_of_Send_Header_By_UART                 text19       0059A4
__end_of_Show_Data_On_OLED                   text10       006E12
__end_of_System_Init                         text1        005C28
__end_of_Temp_ToString                       text27       006B4E
__end_of_UART_Init                           text2        0058CC
__end_of_UART_WriteChar                      text26       00583A
__end_of_UART_WriteLine                      text24       005854
__end_of_UART_WriteString                    text25       005DDE
__end_of_UART_WriteUInt16                    text23       006192
__end_of_UInt16_ToString                     text30       0064DA
__end_of_UInt32_ToString                     text21       006826
__end_of___aldiv                             text59       006930
__end_of___awdiv                             text29       00659A
__end_of___awmod                             text28       006424
__end_of___lldiv                             text36       0062D0
__end_of___llmod                             text22       006070
__end_of___lmul                              text58       005F0A
__end_of___lwdiv                             text32       005FE8
__end_of___lwmod                             text31       005EA0
__end_of__initialization                     cinit        005904
__end_of_main                                text0        007B24
__initialization                             cinit        0058EC
__mediumconst                                mediumconst  007B24
__pbssBANK0                                  bssBANK0     000093
__pbssCOMRAM                                 bssCOMRAM    000047
__pcinit                                     cinit        0058EC
__pcstackBANK0                               cstackBANK0  000060
__pcstackCOMRAM                              cstackCOMRAM 000001
__pmediumconst                               mediumconst  007B24
__ptext0                                     text0        0074F2
__ptext1                                     text1        005BD8
__ptext10                                    text10       006C66
__ptext11                                    text11       005DDE
__ptext12                                    text12       006930
__ptext13                                    text13       005B8C
__ptext14                                    text14       005788
__ptext15                                    text15       0057BC
__ptext16                                    text16       005B40
__ptext17                                    text17       005890
__ptext18                                    text18       00579A
__ptext19                                    text19       00597E
__ptext2                                     text2        0058AE
__ptext20                                    text20       006E12
__ptext21                                    text21       00673C
__ptext22                                    text22       005FE8
__ptext23                                    text23       006100
__ptext24                                    text24       00583A
__ptext25                                    text25       005D80
__ptext26                                    text26       005824
__ptext27                                    text27       006A3E
__ptext28                                    text28       006376
__ptext29                                    text29       0064DA
__ptext3                                     text3        00659A
__ptext30                                    text30       006424
__ptext31                                    text31       005E3C
__ptext32                                    text32       005F76
__ptext33                                    text33       006B4E
__ptext34                                    text34       006070
__ptext35                                    text35       00703E
__ptext36                                    text36       00622C
__ptext37                                    text37       0062D0
__ptext38                                    text38       005872
__ptext39                                    text39       005F0A
__ptext4                                     text4        0057AE
__ptext40                                    text40       0059CE
__ptext41                                    text41       005854
__ptext42                                    text42       00580E
__ptext43                                    text43       0057F8
__ptext44                                    text44       0057E2
__ptext45                                    text45       005AF6
__ptext46                                    text46       005958
__ptext47                                    text47       0058CC
__ptext48                                    text48       005774
__ptext49                                    text49       005770
__ptext5                                     text5        005778
__ptext50                                    text50       0059FA
__ptext51                                    text51       00576C
__ptext52                                    text52       005768
__ptext53                                    text53       005C7A
__ptext54                                    text54       005CCE
__ptext55                                    text55       005C28
__ptext56                                    text56       0059A4
__ptext57                                    text57       006192
__ptext58                                    text58       005EA0
__ptext59                                    text59       006826
__ptext6                                     text6        005D24
__ptext60                                    text60       00590E
__ptext61                                    text61       005A68
__ptext62                                    text62       005A2A
__ptext63                                    text63       005AAC
__ptext64                                    text64       005932
__ptext65                                    text65       005764
__ptext66                                    text66       0057CE
__ptext67                                    text67       005782
__ptext68                                    text68       006660
__ptext69                                    text69       005760
__ptext7                                     text7        005794
__ptext70                                    text70       00577C
__ptext8                                     text8        00578E
__ptext9                                     text9        0057A4
__ramtop                                     ramtop       000800
__smallconst                                 mediumconst  007B24
_hr_abs_average                              bssBANK0     000097
_hr_ac_prev1                                 bssCOMRAM    00004B
_hr_ac_prev2                                 bssBANK0     00009B
_hr_current_bpm                              bssCOMRAM    000055
_hr_dc_average                               bssCOMRAM    00004F
_hr_last_beat_sample                         bssCOMRAM    000047
_hr_sample_counter                           bssBANK0     000093
_hr_valid_beats                              bssCOMRAM    00005C
_main                                        text0        0074F2
_oled_column                                 bssCOMRAM    00005E
_oled_page                                   bssCOMRAM    00005D
end_of_initialization                        cinit        005904
intlevel0                                    text         000000
intlevel1                                    text         000000
intlevel2                                    text         000000
intlevel3                                    text         000000
isa$std                                      (abs)        000001
isa$xinst                                    (abs)        000000
main@bpm                                     cstackBANK0  00008B
main@bpm_valid                               cstackBANK0  000082
main@buzzer_alarm                            cstackBANK0  000090
main@display_counter                         cstackBANK0  00006A
main@ds18b20_ok                              cstackBANK0  000080
main@ds_conversion_active                    cstackBANK0  000081
main@ds_counter                              cstackBANK0  00006F
main@finger_detected                         cstackBANK0  000091
main@freeze_mode                             cstackBANK0  000092
main@frozen_bpm                              cstackBANK0  000083
main@frozen_bpm_valid                        cstackBANK0  000086
main@frozen_finger_detected                  cstackBANK0  000085
main@frozen_ir_value                         cstackBANK0  000064
main@frozen_red_value                        cstackBANK0  000060
main@frozen_sample                           cstackBANK0  000068
main@frozen_skin_detected                    cstackBANK0  000078
main@frozen_system_functional                cstackBANK0  000079
main@frozen_temp_valid                       cstackBANK0  000077
main@frozen_temp_x100                        cstackBANK0  000074
main@ir_value                                cstackBANK0  000087
main@max_ok                                  cstackBANK0  000076
main@previous_finger_detected                cstackBANK0  00006E
main@previous_freeze_mode                    cstackBANK0  000073
main@red_value                               cstackBANK0  00007B
main@sample                                  cstackBANK0  000071
main@skin_detected                           cstackBANK0  00007F
main@system_functional                       cstackBANK0  00007A
main@temp_valid                              cstackBANK0  00008F
main@temp_x100                               cstackBANK0  00008D
main@uart_counter                            cstackBANK0  00006C
stackhi                                      (abs)        000000
stacklo                                      (abs)        000000
start                                        init         007FFC
start_initialization                         cinit        0058EC


MODULE INFORMATION

Module		Function		Class		Link	Load	Size
C:\Program Files\Microchip\xc8\v3.10\pic\sources\c99\common\lwmod.c
		___lwmod       		CODE           	5E3C	0000	100

C:\Program Files\Microchip\xc8\v3.10\pic\sources\c99\common\lwmod.c estimated size: 100

C:\Program Files\Microchip\xc8\v3.10\pic\sources\c99\common\awmod.c
		___awmod       		CODE           	6376	0000	174

C:\Program Files\Microchip\xc8\v3.10\pic\sources\c99\common\awmod.c estimated size: 174

buzzer.c
		_Buzzer_Init   		CODE           	57A4	0000	10
		_Buzzer_Update 		CODE           	6660	0000	220
		_Buzzer_On     		CODE           	5760	0000	4
		_Buzzer_Off    		CODE           	577C	0000	6

buzzer.c estimated size: 240

uart.c
		_UART_WriteLine		CODE           	583A	0000	26
		_UART_WriteChar		CODE           	5824	0000	22
		_UART_Init     		CODE           	58AE	0000	30
		_UART_WriteUInt16		CODE           	6100	0000	146
		_UART_WriteString		CODE           	5D80	0000	94

uart.c estimated size: 318

C:\Program Files\Microchip\xc8\v3.10\pic\sources\c99\common\llmod.c
		___llmod       		CODE           	5FE8	0000	136

C:\Program Files\Microchip\xc8\v3.10\pic\sources\c99\common\llmod.c estimated size: 136

max30102.c
		_MAX30102_ReadMulti		CODE           	6070	0000	144
		_MAX30102_ReadFIFO		CODE           	6B4E	0000	280
		_MAX30102_ResetHeartRateAlgorithm		CODE           	5F0A	0000	108
		_MAX30102_WriteRegister		CODE           	5872	0000	30
		_MAX30102_ReadRegister		CODE           	59CE	0000	44
		_MAX30102_ProcessHeartRate		CODE           	703E	0000	1204
		_MAX30102_Init 		CODE           	62D0	0000	166

max30102.c estimated size: 1976

C:\Program Files\Microchip\xc8\v3.10\pic\sources\c99\common\Umul32.c
		___lmul        		CODE           	5EA0	0000	106

C:\Program Files\Microchip\xc8\v3.10\pic\sources\c99\common\Umul32.c estimated size: 106

ssd1306.c
		_SSD1306_Data  		CODE           	579A	0000	10
		_SSD1306_Init  		CODE           	659A	0000	198
		_SSD1306_StopData		CODE           	5788	0000	6
		_SSD1306_WriteString		CODE           	5DDE	0000	94
		_SSD1306_StartData		CODE           	57BC	0000	18
		_SSD1306_ClearDisplay		CODE           	5B8C	0000	76
		_SSD1306_WriteChar		CODE           	6930	0000	270
		_SSD1306_SetCursor		CODE           	5B40	0000	76
		_SSD1306_Command		CODE           	5890	0000	30

ssd1306.c estimated size: 778

C:\Program Files\Microchip\xc8\v3.10\pic\sources\c99\common\lwdiv.c
		___lwdiv       		CODE           	5F76	0000	114

C:\Program Files\Microchip\xc8\v3.10\pic\sources\c99\common\lwdiv.c estimated size: 114

C:\Program Files\Microchip\xc8\v3.10\pic\sources\c99\common\awdiv.c
		___awdiv       		CODE           	64DA	0000	192

C:\Program Files\Microchip\xc8\v3.10\pic\sources\c99\common\awdiv.c estimated size: 192

i2c_master.c
		_I2C_Master_Read		CODE           	5AF6	0000	74
		_I2C_Master_Wait		CODE           	5958	0000	38
		_I2C_Master_Init		CODE           	5D24	0000	92
		_I2C_Master_Stop		CODE           	580E	0000	22
		_I2C_Master_RepeatedStart		CODE           	57E2	0000	22
		_I2C_Master_Write		CODE           	5854	0000	30
		_I2C_Master_Start		CODE           	57F8	0000	22

i2c_master.c estimated size: 300

C:\Program Files\Microchip\xc8\v3.10\pic\sources\c99\common\aldiv.c
		___aldiv       		CODE           	6826	0000	266

C:\Program Files\Microchip\xc8\v3.10\pic\sources\c99\common\aldiv.c estimated size: 266

freeze_switch.c
		_Freeze_Switch_Init		CODE           	5794	0000	6
		_Freeze_Switch_Update		CODE           	5C28	0000	82

freeze_switch.c estimated size: 88

shared
		_Font5x7       		MEDIUMCONST    	7B25	0000	480
		__initialization		CODE           	58EC	0000	24

shared estimated size: 504

ds18b20.c
		_OneWire_Reset 		CODE           	5A2A	0000	62
		_OneWire_WriteByte		CODE           	590E	0000	36
		_DS18B20_Init  		CODE           	578E	0000	6
		_DS18B20_StartConversion		CODE           	59A4	0000	42
		_OneWire_ReadPin		CODE           	57CE	0000	20
		_OneWire_Release		CODE           	5764	0000	4
		_OneWire_ReadBit		CODE           	5932	0000	38
		_DS18B20_ReadTemperatureX100		CODE           	6192	0000	154
		_OneWire_Low   		CODE           	5782	0000	6
		_OneWire_ReadByte		CODE           	5AAC	0000	74
		_OneWire_WriteBit		CODE           	5A68	0000	68

ds18b20.c estimated size: 510

C:\Program Files\Microchip\xc8\v3.10\pic\sources\c99\common\__lldiv.c
		___lldiv       		CODE           	622C	0000	164

C:\Program Files\Microchip\xc8\v3.10\pic\sources\c99\common\__lldiv.c estimated size: 164

main.c
		_LED_Wait_On   		CODE           	5774	0000	4
		_LED_Wait_Off  		CODE           	5770	0000	4
		_Send_Header_By_UART		CODE           	597E	0000	38
		_UInt32_ToString		CODE           	673C	0000	234
		_UInt16_ToString		CODE           	6424	0000	182
		_Temp_ToString 		CODE           	6A3E	0000	272
		_Show_Data_On_OLED		CODE           	6C66	0000	428
		_main          		CODE           	74F2	0000	1586
		_LEDs_Init     		CODE           	57AE	0000	14
		_LED_Power_On  		CODE           	5778	0000	4
		_LED_Status_On 		CODE           	576C	0000	4
		_LED_Wait_Update		CODE           	58CC	0000	32
		_Is_Finger_Detected		CODE           	5CCE	0000	86
		_LED_Status_Update		CODE           	59FA	0000	48
		_LED_Status_Off		CODE           	5768	0000	4
		_Send_Data_By_UART		CODE           	6E12	0000	556
		_System_Init   		CODE           	5BD8	0000	80
		_Is_Skin_Detected		CODE           	5C7A	0000	84

main.c estimated size: 3660

